******************************************************************************
                  TI ARM Linker PC v20.2.7                     
******************************************************************************
>> Linked Sun May 14 22:57:40 2023

OUTPUT FILE NAME:   <proyecto3.out>
ENTRY POINT SYMBOL: "_c_int00_noargs"  address: 0000279d


MEMORY CONFIGURATION

         name            origin    length      used     unused   attr    fill
----------------------  --------  ---------  --------  --------  ----  --------
  FLASH                 00000000   00040000  00002c4a  0003d3b6  R  X
  SRAM                  20000000   00008000  0000020d  00007df3  RW X


SEGMENT ALLOCATION MAP

run origin  load origin   length   init length attrs members
----------  ----------- ---------- ----------- ----- -------
00000000    00000000    00002c50   00002c50    r-x
  00000000    00000000    0000026c   0000026c    r-- .intvecs
  0000026c    0000026c    000027ae   000027ae    r-x .text
  00002a1c    00002a1c    00000200   00000200    r-- .const
  00002c20    00002c20    00000030   00000030    r-- .cinit
20000000    20000000    00000210   00000000    rw-
  20000000    20000000    00000200   00000000    rw- .stack
  20000200    20000200    00000009   00000000    rw- .bss
  2000020c    2000020c    00000004   00000000    rw- .data


SECTION ALLOCATION MAP

 output                                  attributes/
section   page    origin      length       input sections
--------  ----  ----------  ----------   ----------------
.intvecs   0    00000000    0000026c     
                  00000000    0000026c     tm4c123gh6pm_startup_ccs.obj (.intvecs)

.text      0    0000026c    000027ae     
                  0000026c    00000a4e     rtsv7M4_T_le_v4SPD16_eabi.lib : _printfi.c.obj (.text:__TI_printfi)
                  00000cba    00000002                                   : div0.asm.obj (.text)
                  00000cbc    000003d4     main.obj (.text)
                  00001090    00000270     rtsv7M4_T_le_v4SPD16_eabi.lib : _printfi.c.obj (.text:_pconv_a)
                  00001300    000001d0                                   : _printfi.c.obj (.text:_pconv_g)
                  000014d0    000001b6                                   : fd_add_t2.asm.obj (.text)
                  00001686    00000002     --HOLE-- [fill = 0]
                  00001688    0000016c     driverlib.lib : gpio.obj (.text:GPIOPadConfigSet)
                  000017f4    0000013c     rtsv7M4_T_le_v4SPD16_eabi.lib : _printfi.c.obj (.text:_pconv_e)
                  00001930    00000136                                   : fd_div_t2.asm.obj (.text)
                  00001a66    00000002     --HOLE-- [fill = 0]
                  00001a68    00000124                                   : _printfi.c.obj (.text:fcvt)
                  00001b8c    00000118     driverlib.lib : sysctl.obj (.text:SysCtlClockGet)
                  00001ca4    00000110     rtsv7M4_T_le_v4SPD16_eabi.lib : s_scalbn.c.obj (.text:scalbn)
                  00001db4    000000fc                                   : fd_mul_t2.asm.obj (.text)
                  00001eb0    000000f4     driverlib.lib : sysctl.obj (.text:SysCtlClockSet)
                  00001fa4    000000b1     rtsv7M4_T_le_v4SPD16_eabi.lib : _printfi.c.obj (.text:_ltostr)
                  00002055    00000001     --HOLE-- [fill = 0]
                  00002056    0000009c                                   : memcpy_t2.asm.obj (.text)
                  000020f2    00000096                                   : ull_div_t2.asm.obj (.text)
                  00002188    00000086                                   : fd_cmp_t2.asm.obj (.text:__aeabi_cdcmple)
                  0000220e    00000086                                   : fd_cmp_t2.asm.obj (.text:__aeabi_cdrcmple)
                  00002294    0000007a                                   : memset_t2.asm.obj (.text)
                  0000230e    0000006e                                   : _printfi.c.obj (.text:_mcpy)
                  0000237c    00000068                                   : copy_decompress_lzss.c.obj (.text:decompress:lzss:__TI_decompress_lzss)
                  000023e4    00000064                                   : s_frexp.c.obj (.text:frexp)
                  00002448    00000056                                   : _printfi.c.obj (.text:_pconv_f)
                  0000249e    00000054                                   : _ltoa.c.obj (.text:__TI_ltoa)
                  000024f2    00000052                                   : _printfi.c.obj (.text:_ecpy)
                  00002544    0000004c     driverlib.lib : gpio.obj (.text:GPIOPinConfigure)
                  00002590    0000004c     rtsv7M4_T_le_v4SPD16_eabi.lib : atoi.c.obj (.text:atoi)
                  000025dc    00000048                                   : fd_toi_t2.asm.obj (.text)
                  00002624    00000046     driverlib.lib : uart.obj (.text:UARTConfigSetExpClk)
                  0000266a    00000002     --HOLE-- [fill = 0]
                  0000266c    00000044     rtsv7M4_T_le_v4SPD16_eabi.lib : autoinit.c.obj (.text:__TI_auto_init_nobinit_nopinit:__TI_auto_init_nobinit_nopinit)
                  000026b0    00000040                                   : sprintf.c.obj (.text:sprintf)
                  000026f0    0000003e                                   : _printfi.c.obj (.text:_fcpy)
                  0000272e    00000002     --HOLE-- [fill = 0]
                  00002730    00000038     driverlib.lib : sysctl.obj (.text:SysCtlPeripheralReady)
                  00002768    00000034                   : sysctl.obj (.text:SysCtlPeripheralEnable)
                  0000279c    00000034     rtsv7M4_T_le_v4SPD16_eabi.lib : boot_cortex_m.c.obj (.text:_c_int00_noargs:_c_int00_noargs)
                  000027d0    0000002e                                   : i_tofd_t2.asm.obj (.text)
                  000027fe    0000002c     driverlib.lib : gpio.obj (.text:GPIODirModeSet)
                  0000282a    00000002     --HOLE-- [fill = 0]
                  0000282c    00000020                   : uart.obj (.text:UARTDisable)
                  0000284c    0000001c     rtsv7M4_T_le_v4SPD16_eabi.lib : copy_zero_init.c.obj (.text:decompress:ZI:__TI_zero_init_nomemset:__TI_zero_init_nomemset)
                  00002868    0000001c                                   : memccpy.c.obj (.text:memccpy)
                  00002884    0000001a     driverlib.lib : gpio.obj (.text:GPIOPinTypeGPIOOutput)
                  0000289e    0000001a     rtsv7M4_T_le_v4SPD16_eabi.lib : s_copysign.c.obj (.text:copysign)
                  000028b8    00000018                                   : sprintf.c.obj (.text:_outs)
                  000028d0    00000016     driverlib.lib : gpio.obj (.text:GPIOPinTypeGPIOInput)
                  000028e6    00000016                   : gpio.obj (.text:GPIOPinTypeUART)
                  000028fc    00000016     rtsv7M4_T_le_v4SPD16_eabi.lib : strchr.c.obj (.text:strchr)
                  00002912    00000002     --HOLE-- [fill = 0]
                  00002914    00000014     driverlib.lib : systick.obj (.text:SysTickDisable)
                  00002928    00000014                   : systick.obj (.text:SysTickEnable)
                  0000293c    00000014                   : uart.obj (.text:UARTEnable)
                  00002950    00000014     rtsv7M4_T_le_v4SPD16_eabi.lib : strlen.c.obj (.text:strlen)
                  00002964    00000012                                   : wcslen.c.obj (.text:wcslen)
                  00002976    00000010     driverlib.lib : interrupt.obj (.text:IntMasterEnable)
                  00002986    00000002     --HOLE-- [fill = 0]
                  00002988    00000010                   : systick.obj (.text:SysTickPeriodSet)
                  00002998    0000000e                   : uart.obj (.text:UARTCharGetNonBlocking)
                  000029a6    0000000e                   : uart.obj (.text:UARTCharPutNonBlocking)
                  000029b4    0000000e                   : uart.obj (.text:UARTCharsAvail)
                  000029c2    0000000e     rtsv7M4_T_le_v4SPD16_eabi.lib : copy_decompress_none.c.obj (.text:decompress:none:__TI_decompress_none)
                  000029d0    0000000c     driverlib.lib : cpu.obj (.text:CPUcpsie)
                  000029dc    0000000c     tm4c123gh6pm_startup_ccs.obj (.text)
                  000029e8    0000000a     rtsv7M4_T_le_v4SPD16_eabi.lib : sprintf.c.obj (.text:_outc)
                  000029f2    00000002     --HOLE-- [fill = 0]
                  000029f4    00000008                                   : errno.c.obj (.text:__aeabi_errno_addr)
                  000029fc    00000006     driverlib.lib : gpio.obj (.text:GPIOPinRead)
                  00002a02    00000006                   : gpio.obj (.text:GPIOPinWrite)
                  00002a08    00000006                   : sysctl.obj (.text:SysCtlDelay)
                  00002a0e    00000004                   : uart.obj (.text:UARTIntClear)
                  00002a12    00000004     rtsv7M4_T_le_v4SPD16_eabi.lib : pre_init.c.obj (.text:_system_pre_init)
                  00002a16    00000004                                   : exit.c.obj (.text:abort:abort)

.const     0    00002a1c    00000200     
                  00002a1c    00000101     rtsv7M4_T_le_v4SPD16_eabi.lib : ctype.c.obj (.const:.string:_ctypes_)
                  00002b1d    00000003     --HOLE-- [fill = 0]
                  00002b20    00000090     driverlib.lib : gpio.obj (.const:g_pui32GPIOBaseAddrs)
                  00002bb0    0000006c                   : sysctl.obj (.const:g_pui32Xtals)

.cinit     0    00002c20    00000030     
                  00002c20    0000000c     (__TI_handler_table)
                  00002c2c    00000004     --HOLE-- [fill = 0]
                  00002c30    00000008     (.cinit..bss.load) [load image, compression = zero_init]
                  00002c38    00000007     (.cinit..data.load) [load image, compression = lzss]
                  00002c3f    00000001     --HOLE-- [fill = 0]
                  00002c40    00000010     (__TI_cinit_table)

.init_array 
*          0    00000000    00000000     UNINITIALIZED

.bss       0    20000200    00000009     UNINITIALIZED
                  20000200    00000004     (.common:i)
                  20000204    00000001     (.common:disponibles)
                  20000205    00000001     (.common:spot1)
                  20000206    00000001     (.common:spot2)
                  20000207    00000001     (.common:spot3)
                  20000208    00000001     (.common:spot4)

.data      0    2000020c    00000004     UNINITIALIZED
                  2000020c    00000004     rtsv7M4_T_le_v4SPD16_eabi.lib : errno.c.obj (.data)

.stack     0    20000000    00000200     UNINITIALIZED
                  20000000    00000004     rtsv7M4_T_le_v4SPD16_eabi.lib : boot_cortex_m.c.obj (.stack)
                  20000004    000001fc     --HOLE--

__llvm_prf_cnts 
*          0    20000000    00000000     UNINITIALIZED

MODULE SUMMARY

       Module                         code    ro data   rw data
       ------                         ----    -------   -------
    .\
       main.obj                       980     0         9      
       tm4c123gh6pm_startup_ccs.obj   12      620       0      
    +--+------------------------------+-------+---------+---------+
       Total:                         992     620       9      
                                                               
    C:/ti/TivaWare_C_Series-2.2.0.295/driverlib/ccs/Debug/driverlib.lib
       sysctl.obj                     638     108       0      
       gpio.obj                       566     144       0      
       uart.obj                       168     0         0      
       systick.obj                    56      0         0      
       interrupt.obj                  16      0         0      
       cpu.obj                        12      0         0      
    +--+------------------------------+-------+---------+---------+
       Total:                         1456    252       0      
                                                               
    C:\ti\ccs1230\ccs\tools\compiler\ti-cgt-arm_20.2.7.LTS\lib\rtsv7M4_T_le_v4SPD16_eabi.lib
       _printfi.c.obj                 4851    0         0      
       fd_add_t2.asm.obj              438     0         0      
       fd_div_t2.asm.obj              310     0         0      
       s_scalbn.c.obj                 272     0         0      
       fd_cmp_t2.asm.obj              268     0         0      
       ctype.c.obj                    0       257       0      
       fd_mul_t2.asm.obj              252     0         0      
       memcpy_t2.asm.obj              156     0         0      
       ull_div_t2.asm.obj             150     0         0      
       memset_t2.asm.obj              122     0         0      
       copy_decompress_lzss.c.obj     104     0         0      
       s_frexp.c.obj                  100     0         0      
       sprintf.c.obj                  98      0         0      
       _ltoa.c.obj                    84      0         0      
       atoi.c.obj                     76      0         0      
       fd_toi_t2.asm.obj              72      0         0      
       autoinit.c.obj                 68      0         0      
       boot_cortex_m.c.obj            52      0         0      
       i_tofd_t2.asm.obj              46      0         0      
       copy_zero_init.c.obj           28      0         0      
       memccpy.c.obj                  28      0         0      
       s_copysign.c.obj               26      0         0      
       strchr.c.obj                   22      0         0      
       strlen.c.obj                   20      0         0      
       wcslen.c.obj                   18      0         0      
       copy_decompress_none.c.obj     14      0         0      
       errno.c.obj                    8       0         4      
       exit.c.obj                     4       0         0      
       pre_init.c.obj                 4       0         0      
       div0.asm.obj                   2       0         0      
    +--+------------------------------+-------+---------+---------+
       Total:                         7693    257       4      
                                                               
       Stack:                         0       0         512    
       Linker Generated:              0       43        0      
    +--+------------------------------+-------+---------+---------+
       Grand Total:                   10141   1172      525    


LINKER GENERATED COPY TABLES

__TI_cinit_table @ 00002c40 records: 2, size/record: 8, table size: 16
	.bss: load addr=00002c30, load size=00000008 bytes, run addr=20000200, run size=00000009 bytes, compression=zero_init
	.data: load addr=00002c38, load size=00000007 bytes, run addr=2000020c, run size=00000004 bytes, compression=lzss


LINKER GENERATED HANDLER TABLE

__TI_handler_table @ 00002c20 records: 3, size/record: 4, table size: 12
	index: 0, handler: __TI_decompress_lzss
	index: 1, handler: __TI_decompress_none
	index: 2, handler: __TI_zero_init


GLOBAL SYMBOLS: SORTED ALPHABETICALLY BY Name 

address   name                          
-------   ----                          
00002a17  C$$EXIT                       
000029d1  CPUcpsie                      
000027ff  GPIODirModeSet                
00001689  GPIOPadConfigSet              
00002545  GPIOPinConfigure              
000029fd  GPIOPinRead                   
000028d1  GPIOPinTypeGPIOInput          
00002885  GPIOPinTypeGPIOOutput         
000028e7  GPIOPinTypeUART               
00002a03  GPIOPinWrite                  
00002977  IntMasterEnable               
000029dd  ResetISR                      
00001b8d  SysCtlClockGet                
00001eb1  SysCtlClockSet                
00002a09  SysCtlDelay                   
00002769  SysCtlPeripheralEnable        
00002731  SysCtlPeripheralReady         
00002915  SysTickDisable                
00002929  SysTickEnable                 
00002989  SysTickPeriodSet              
00000f17  UART0IntHandler               
00000f89  UART0_SendInteger             
00000f65  UART0_SendString              
00000f43  UART1IntHandler               
00000fcd  UART1_SendInteger             
00000fa9  UART1_SendString              
00002999  UARTCharGetNonBlocking        
000029a7  UARTCharPutNonBlocking        
000029b5  UARTCharsAvail                
00002625  UARTConfigSetExpClk           
0000282d  UARTDisable                   
0000293d  UARTEnable                    
00002a0f  UARTIntClear                  
20000200  __STACK_END                   
00000200  __STACK_SIZE                  
20000200  __STACK_TOP                   
00002c40  __TI_CINIT_Base               
00002c50  __TI_CINIT_Limit              
00002c20  __TI_Handler_Table_Base       
00002c2c  __TI_Handler_Table_Limit      
0000266d  __TI_auto_init_nobinit_nopinit
0000237d  __TI_decompress_lzss          
000029c3  __TI_decompress_none          
0000249f  __TI_ltoa                     
ffffffff  __TI_pprof_out_hndl           
0000026d  __TI_printfi                  
ffffffff  __TI_prof_data_size           
ffffffff  __TI_prof_data_start          
00000000  __TI_static_base__            
0000284d  __TI_zero_init_nomemset       
00002189  __aeabi_cdcmpeq               
00002189  __aeabi_cdcmple               
0000220f  __aeabi_cdrcmple              
000025dd  __aeabi_d2iz                  
000014db  __aeabi_dadd                  
00001931  __aeabi_ddiv                  
00001db5  __aeabi_dmul                  
000014d1  __aeabi_dsub                  
000029f5  __aeabi_errno_addr            
000027d1  __aeabi_i2d                   
00000cbb  __aeabi_idiv0                 
00000cbb  __aeabi_ldiv0                 
00002295  __aeabi_memclr                
00002295  __aeabi_memclr4               
00002295  __aeabi_memclr8               
00002057  __aeabi_memcpy                
00002057  __aeabi_memcpy4               
00002057  __aeabi_memcpy8               
00002297  __aeabi_memset                
00002297  __aeabi_memset4               
00002297  __aeabi_memset8               
000020f3  __aeabi_uldivmod              
ffffffff  __binit__                     
ffffffff  __c_args__                    
UNDEFED   __mpu_init                    
20000000  __stack                       
20000000  __start___llvm_prf_cnts       
20000000  __stop___llvm_prf_cnts        
0000279d  _c_int00_noargs               
00002a1c  _ctypes_                      
UNDEFED   _system_post_cinit            
00002a13  _system_pre_init              
00002a17  abort                         
00002591  atoi                          
ffffffff  binit                         
0000289f  copysign                      
0000289f  copysignl                     
00000ff5  delay                         
00001021  delay1ms                      
20000204  disponibles                   
2000020c  errno                         
000023e5  frexp                         
000023e5  frexpl                        
00000000  g_pfnVectors                  
20000200  i                             
00001ca5  ldexp                         
00001ca5  ldexpl                        
00000cbd  main                          
00002869  memccpy                       
00002057  memcpy                        
0000229d  memset                        
00001ca5  scalbn                        
00001ca5  scalbnl                       
00000e29  setup                         
00000ea5  setupUART0                    
00000edf  setupUART1                    
20000205  spot1                         
20000206  spot2                         
20000207  spot3                         
20000208  spot4                         
000026b1  sprintf                       
000028fd  strchr                        
00002951  strlen                        
00002965  wcslen                        


GLOBAL SYMBOLS: SORTED BY Symbol Address 

address   name                          
-------   ----                          
00000000  __TI_static_base__            
00000000  g_pfnVectors                  
00000200  __STACK_SIZE                  
0000026d  __TI_printfi                  
00000cbb  __aeabi_idiv0                 
00000cbb  __aeabi_ldiv0                 
00000cbd  main                          
00000e29  setup                         
00000ea5  setupUART0                    
00000edf  setupUART1                    
00000f17  UART0IntHandler               
00000f43  UART1IntHandler               
00000f65  UART0_SendString              
00000f89  UART0_SendInteger             
00000fa9  UART1_SendString              
00000fcd  UART1_SendInteger             
00000ff5  delay                         
00001021  delay1ms                      
000014d1  __aeabi_dsub                  
000014db  __aeabi_dadd                  
00001689  GPIOPadConfigSet              
00001931  __aeabi_ddiv                  
00001b8d  SysCtlClockGet                
00001ca5  ldexp                         
00001ca5  ldexpl                        
00001ca5  scalbn                        
00001ca5  scalbnl                       
00001db5  __aeabi_dmul                  
00001eb1  SysCtlClockSet                
00002057  __aeabi_memcpy                
00002057  __aeabi_memcpy4               
00002057  __aeabi_memcpy8               
00002057  memcpy                        
000020f3  __aeabi_uldivmod              
00002189  __aeabi_cdcmpeq               
00002189  __aeabi_cdcmple               
0000220f  __aeabi_cdrcmple              
00002295  __aeabi_memclr                
00002295  __aeabi_memclr4               
00002295  __aeabi_memclr8               
00002297  __aeabi_memset                
00002297  __aeabi_memset4               
00002297  __aeabi_memset8               
0000229d  memset                        
0000237d  __TI_decompress_lzss          
000023e5  frexp                         
000023e5  frexpl                        
0000249f  __TI_ltoa                     
00002545  GPIOPinConfigure              
00002591  atoi                          
000025dd  __aeabi_d2iz                  
00002625  UARTConfigSetExpClk           
0000266d  __TI_auto_init_nobinit_nopinit
000026b1  sprintf                       
00002731  SysCtlPeripheralReady         
00002769  SysCtlPeripheralEnable        
0000279d  _c_int00_noargs               
000027d1  __aeabi_i2d                   
000027ff  GPIODirModeSet                
0000282d  UARTDisable                   
0000284d  __TI_zero_init_nomemset       
00002869  memccpy                       
00002885  GPIOPinTypeGPIOOutput         
0000289f  copysign                      
0000289f  copysignl                     
000028d1  GPIOPinTypeGPIOInput          
000028e7  GPIOPinTypeUART               
000028fd  strchr                        
00002915  SysTickDisable                
00002929  SysTickEnable                 
0000293d  UARTEnable                    
00002951  strlen                        
00002965  wcslen                        
00002977  IntMasterEnable               
00002989  SysTickPeriodSet              
00002999  UARTCharGetNonBlocking        
000029a7  UARTCharPutNonBlocking        
000029b5  UARTCharsAvail                
000029c3  __TI_decompress_none          
000029d1  CPUcpsie                      
000029dd  ResetISR                      
000029f5  __aeabi_errno_addr            
000029fd  GPIOPinRead                   
00002a03  GPIOPinWrite                  
00002a09  SysCtlDelay                   
00002a0f  UARTIntClear                  
00002a13  _system_pre_init              
00002a17  C$$EXIT                       
00002a17  abort                         
00002a1c  _ctypes_                      
00002c20  __TI_Handler_Table_Base       
00002c2c  __TI_Handler_Table_Limit      
00002c40  __TI_CINIT_Base               
00002c50  __TI_CINIT_Limit              
20000000  __stack                       
20000000  __start___llvm_prf_cnts       
20000000  __stop___llvm_prf_cnts        
20000200  __STACK_END                   
20000200  __STACK_TOP                   
20000200  i                             
20000204  disponibles                   
20000205  spot1                         
20000206  spot2                         
20000207  spot3                         
20000208  spot4                         
2000020c  errno                         
ffffffff  __TI_pprof_out_hndl           
ffffffff  __TI_prof_data_size           
ffffffff  __TI_prof_data_start          
ffffffff  __binit__                     
ffffffff  __c_args__                    
ffffffff  binit                         
UNDEFED   __mpu_init                    
UNDEFED   _system_post_cinit            

[114 symbols]
